<?xml version="1.0" encoding="UTF-8"?>
<testsuites name="Portfolio Tests" tests="68" failures="0" errors="0" time="6.878">
  <testsuite name="projectUtils" errors="0" failures="0" skipped="0" timestamp="2025-09-18T11:20:02" time="1.49" tests="23">
    <testcase classname="projectUtils › extractUniqueTechnologies" name="should extract unique technologies from projects array" time="0.012">
    </testcase>
    <testcase classname="projectUtils › extractUniqueTechnologies" name="should return empty array for invalid input" time="0.002">
    </testcase>
    <testcase classname="projectUtils › extractUniqueTechnologies" name="should handle projects with missing tech arrays" time="0.001">
    </testcase>
    <testcase classname="projectUtils › extractUniqueTechnologies" name="should handle empty projects array" time="0.001">
    </testcase>
    <testcase classname="projectUtils › filterProjectsByTech" name="should filter projects by technology" time="0.014">
    </testcase>
    <testcase classname="projectUtils › filterProjectsByTech" name="should return all projects when technology is empty" time="0.001">
    </testcase>
    <testcase classname="projectUtils › filterProjectsByTech" name="should return all projects when technology is null or undefined" time="0.001">
    </testcase>
    <testcase classname="projectUtils › filterProjectsByTech" name="should return empty array for invalid projects input" time="0.001">
    </testcase>
    <testcase classname="projectUtils › filterProjectsByTech" name="should handle case-sensitive filtering" time="0.001">
    </testcase>
    <testcase classname="projectUtils › filterProjectsByTech" name="should return empty array when no projects match technology" time="0.001">
    </testcase>
    <testcase classname="projectUtils › validateProjectData" name="should validate correct project data" time="0.001">
    </testcase>
    <testcase classname="projectUtils › validateProjectData" name="should reject project with missing required fields" time="0.003">
    </testcase>
    <testcase classname="projectUtils › validateProjectData" name="should reject project with empty string fields" time="0.001">
    </testcase>
    <testcase classname="projectUtils › validateProjectData" name="should reject project with whitespace-only fields" time="0.001">
    </testcase>
    <testcase classname="projectUtils › validateProjectData" name="should reject invalid input types" time="0.001">
    </testcase>
    <testcase classname="projectUtils › formatProjectTitle" name="should format normal project title" time="0.001">
    </testcase>
    <testcase classname="projectUtils › formatProjectTitle" name="should trim whitespace from title" time="0.001">
    </testcase>
    <testcase classname="projectUtils › formatProjectTitle" name="should collapse multiple spaces into single space" time="0">
    </testcase>
    <testcase classname="projectUtils › formatProjectTitle" name="should handle empty and invalid inputs" time="0.001">
    </testcase>
    <testcase classname="projectUtils › getProjectStats" name="should calculate correct project statistics" time="0.001">
    </testcase>
    <testcase classname="projectUtils › getProjectStats" name="should handle empty projects array" time="0">
    </testcase>
    <testcase classname="projectUtils › getProjectStats" name="should handle invalid input" time="0">
    </testcase>
    <testcase classname="projectUtils › getProjectStats" name="should handle projects with missing tech arrays" time="0.002">
    </testcase>
  </testsuite>
  <testsuite name="Chatbot API Security Tests" errors="0" failures="0" skipped="0" timestamp="2025-09-18T11:20:02" time="1.672" tests="10">
    <testcase classname="Chatbot API Security Tests › Input Validation" name="should validate message structure" time="0.04">
    </testcase>
    <testcase classname="Chatbot API Security Tests › Input Validation" name="should validate message count limits" time="0.007">
    </testcase>
    <testcase classname="Chatbot API Security Tests › Input Validation" name="should validate content length" time="0.002">
    </testcase>
    <testcase classname="Chatbot API Security Tests › Input Validation" name="should validate message roles" time="0.002">
    </testcase>
    <testcase classname="Chatbot API Security Tests › Rate Limiting" name="should enforce rate limits" time="0.191">
    </testcase>
    <testcase classname="Chatbot API Security Tests › Security Headers" name="should include security headers in responses" time="0.003">
    </testcase>
    <testcase classname="Chatbot API Security Tests › Error Handling" name="should handle missing API key gracefully" time="0.005">
    </testcase>
    <testcase classname="Chatbot API Security Tests › Error Handling" name="should handle API errors without exposing details" time="0.008">
    </testcase>
    <testcase classname="Chatbot API Security Tests › Content Sanitization" name="should sanitize dangerous characters" time="0.002">
    </testcase>
    <testcase classname="Chatbot API Security Tests › Successful Requests" name="should process valid requests successfully" time="0.003">
    </testcase>
  </testsuite>
  <testsuite name="ProjectDetailPage" errors="0" failures="0" skipped="0" timestamp="2025-09-18T11:20:02" time="2.371" tests="2">
    <testcase classname="ProjectDetailPage" name="renders project details for a valid slug" time="0.537">
    </testcase>
    <testcase classname="ProjectDetailPage" name="renders not found for an invalid slug" time="0.01">
    </testcase>
  </testsuite>
  <testsuite name="RootLayout" errors="0" failures="0" skipped="0" timestamp="2025-09-18T11:20:02" time="2.569" tests="5">
    <testcase classname="RootLayout" name="renders the global header and nav" time="0.415">
    </testcase>
    <testcase classname="RootLayout" name="renders navigation links" time="0.146">
    </testcase>
    <testcase classname="RootLayout" name="renders children content" time="0.056">
    </testcase>
    <testcase classname="RootLayout" name="renders the logo" time="0.102">
    </testcase>
    <testcase classname="RootLayout" name="renders the contact button" time="0.11">
    </testcase>
  </testsuite>
  <testsuite name="Home page" errors="0" failures="0" skipped="0" timestamp="2025-09-18T11:20:02" time="3.547" tests="8">
    <testcase classname="Home page" name="renders hero section" time="0.838">
    </testcase>
    <testcase classname="Home page" name="renders skills section" time="0.199">
    </testcase>
    <testcase classname="Home page" name="renders work experience section" time="0.063">
    </testcase>
    <testcase classname="Home page" name="renders project filter and grid" time="0.085">
    </testcase>
    <testcase classname="Home page" name="renders services section" time="0.05">
    </testcase>
    <testcase classname="Home page" name="renders chatbot section and sends a message" time="0.182">
    </testcase>
    <testcase classname="Home page" name="toggles mobile menu" time="0.195">
    </testcase>
    <testcase classname="Home page" name="renders all main sections" time="0.154">
    </testcase>
  </testsuite>
  <testsuite name="Accessibility Tests" errors="0" failures="0" skipped="0" timestamp="2025-09-18T11:20:01" time="4.014" tests="10">
    <testcase classname="Accessibility Tests › Home Page" name="should not have accessibility violations" time="1.446">
    </testcase>
    <testcase classname="Accessibility Tests › Home Page" name="should have proper heading hierarchy" time="0.052">
    </testcase>
    <testcase classname="Accessibility Tests › Home Page" name="should have proper form labels and accessibility attributes" time="0.064">
    </testcase>
    <testcase classname="Accessibility Tests › Layout Component" name="should not have accessibility violations in header and navigation" time="0.227">
    </testcase>
    <testcase classname="Accessibility Tests › Layout Component" name="should have proper navigation structure" time="0.016">
    </testcase>
    <testcase classname="Accessibility Tests › Layout Component" name="should have proper landmark roles" time="0.013">
    </testcase>
    <testcase classname="Accessibility Tests › General Accessibility Checks" name="should have proper alt text for images" time="0.046">
    </testcase>
    <testcase classname="Accessibility Tests › General Accessibility Checks" name="should have proper button accessibility" time="0.023">
    </testcase>
    <testcase classname="Accessibility Tests › General Accessibility Checks" name="should have proper focus management" time="0.028">
    </testcase>
    <testcase classname="Accessibility Tests › General Accessibility Checks" name="should have proper color contrast considerations" time="0.04">
    </testcase>
  </testsuite>
  <testsuite name="HomeProjectsFilter" errors="0" failures="0" skipped="0" timestamp="2025-09-18T11:20:01" time="4.719" tests="10">
    <testcase classname="HomeProjectsFilter" name="renders all projects by default" time="0.155">
    </testcase>
    <testcase classname="HomeProjectsFilter" name="filters projects by tech" time="0.126">
    </testcase>
    <testcase classname="HomeProjectsFilter" name="shows all projects when All is clicked" time="0.068">
    </testcase>
    <testcase classname="HomeProjectsFilter" name="links to project detail pages" time="0.041">
    </testcase>
    <testcase classname="HomeProjectsFilter" name="initializes filter from URL query string" time="0.03">
    </testcase>
    <testcase classname="HomeProjectsFilter" name="updates URL when tech filter changes" time="0.033">
    </testcase>
    <testcase classname="HomeProjectsFilter" name="removes tech parameter when All is clicked" time="0.044">
    </testcase>
    <testcase classname="HomeProjectsFilter" name="ignores invalid tech parameter from URL" time="0.018">
    </testcase>
    <testcase classname="HomeProjectsFilter" name="renders filter row and scroll buttons" time="0.038">
    </testcase>
    <testcase classname="HomeProjectsFilter" name="clicking scroll buttons calls scrollBy on the row" time="0.032">
    </testcase>
  </testsuite>
</testsuites>